Archive member included to satisfy reference by file (symbol)

c:/program files/microchip/xc8/v2.35/avr/bin/../lib/gcc/avr/5.4.0/../../../../avr/lib/avr5/memx-const\libm.a(addsf3.o)
                              build/default/production/_ext/1917044881/avr.o (__subsf3)
c:/program files/microchip/xc8/v2.35/avr/bin/../lib/gcc/avr/5.4.0/../../../../avr/lib/avr5/memx-const\libm.a(addsf3x.o)
                              c:/program files/microchip/xc8/v2.35/avr/bin/../lib/gcc/avr/5.4.0/../../../../avr/lib/avr5/memx-const\libm.a(addsf3.o) (__addsf3x)
c:/program files/microchip/xc8/v2.35/avr/bin/../lib/gcc/avr/5.4.0/../../../../avr/lib/avr5/memx-const\libm.a(fixunssfsi.o)
                              build/default/production/_ext/1917044881/avr.o (__fixunssfsi)
c:/program files/microchip/xc8/v2.35/avr/bin/../lib/gcc/avr/5.4.0/../../../../avr/lib/avr5/memx-const\libm.a(fp_inf.o)
                              c:/program files/microchip/xc8/v2.35/avr/bin/../lib/gcc/avr/5.4.0/../../../../avr/lib/avr5/memx-const\libm.a(addsf3x.o) (__fp_inf)
c:/program files/microchip/xc8/v2.35/avr/bin/../lib/gcc/avr/5.4.0/../../../../avr/lib/avr5/memx-const\libm.a(fp_nan.o)
                              c:/program files/microchip/xc8/v2.35/avr/bin/../lib/gcc/avr/5.4.0/../../../../avr/lib/avr5/memx-const\libm.a(addsf3x.o) (__fp_nan)
c:/program files/microchip/xc8/v2.35/avr/bin/../lib/gcc/avr/5.4.0/../../../../avr/lib/avr5/memx-const\libm.a(fp_pscA.o)
                              c:/program files/microchip/xc8/v2.35/avr/bin/../lib/gcc/avr/5.4.0/../../../../avr/lib/avr5/memx-const\libm.a(addsf3x.o) (__fp_pscA)
c:/program files/microchip/xc8/v2.35/avr/bin/../lib/gcc/avr/5.4.0/../../../../avr/lib/avr5/memx-const\libm.a(fp_pscB.o)
                              c:/program files/microchip/xc8/v2.35/avr/bin/../lib/gcc/avr/5.4.0/../../../../avr/lib/avr5/memx-const\libm.a(addsf3x.o) (__fp_pscB)
c:/program files/microchip/xc8/v2.35/avr/bin/../lib/gcc/avr/5.4.0/../../../../avr/lib/avr5/memx-const\libm.a(fp_round.o)
                              c:/program files/microchip/xc8/v2.35/avr/bin/../lib/gcc/avr/5.4.0/../../../../avr/lib/avr5/memx-const\libm.a(addsf3.o) (__fp_round)
c:/program files/microchip/xc8/v2.35/avr/bin/../lib/gcc/avr/5.4.0/../../../../avr/lib/avr5/memx-const\libm.a(fp_split3.o)
                              c:/program files/microchip/xc8/v2.35/avr/bin/../lib/gcc/avr/5.4.0/../../../../avr/lib/avr5/memx-const\libm.a(addsf3x.o) (__fp_split3)
c:/program files/microchip/xc8/v2.35/avr/bin/../lib/gcc/avr/5.4.0/../../../../avr/lib/avr5/memx-const\libm.a(fp_zero.o)
                              c:/program files/microchip/xc8/v2.35/avr/bin/../lib/gcc/avr/5.4.0/../../../../avr/lib/avr5/memx-const\libm.a(addsf3x.o) (__fp_zero)
c:/program files/microchip/xc8/v2.35/avr/bin/../lib/gcc/avr/5.4.0/../../../../avr/lib/avr5/memx-const\libm.a(mulsf3.o)
                              build/default/production/_ext/1917044881/avr.o (__mulsf3)
c:/program files/microchip/xc8/v2.35/avr/bin/../lib/gcc/avr/5.4.0/../../../../avr/lib/avr5/memx-const\libm.a(mulsf3x.o)
                              c:/program files/microchip/xc8/v2.35/avr/bin/../lib/gcc/avr/5.4.0/../../../../avr/lib/avr5/memx-const\libm.a(mulsf3.o) (__mulsf3x)
c:/program files/microchip/xc8/v2.35/avr/bin/../lib/gcc/avr/5.4.0/avr5/memx-const\libgcc.a(_divmodhi4.o)
                              build/default/production/_ext/1917044881/main.o (__divmodhi4)
c:/program files/microchip/xc8/v2.35/avr/bin/../lib/gcc/avr/5.4.0/avr5/memx-const\libgcc.a(_tablejump2.o)
                              build/default/production/_ext/1917044881/main.o (__tablejump2__)
c:/program files/microchip/xc8/v2.35/avr/bin/../lib/gcc/avr/5.4.0/avr5/memx-const\libgcc.a(_movmemx.o)
                              build/default/production/_ext/1917044881/main.o (__movmemx_qi)
c:/program files/microchip/xc8/v2.35/avr/bin/../lib/gcc/avr/5.4.0/avr5/memx-const\libgcc.a(_udivmodhi4.o)
                              c:/program files/microchip/xc8/v2.35/avr/bin/../lib/gcc/avr/5.4.0/avr5/memx-const\libgcc.a(_divmodhi4.o) (__udivmodhi4)
c:/program files/microchip/xc8/v2.35/avr/bin/../lib/gcc/avr/5.4.0/../../../../avr/lib/avr5/memx-const\libc.a(exit.o)
                              C:/Program Files/Microchip/MPLABX/v6.00/packs/Microchip/ATmega_DFP/2.4.131/xc8/avr/lib/avr5/memx-const/crtatmega32.o (exit)
c:/program files/microchip/xc8/v2.35/avr/bin/../lib/gcc/avr/5.4.0/../../../../avr/lib/avr5/memx-const\libc.a(__sio_sprintf_doux.o)
                              build/default/production/_ext/1917044881/main.o (_sprintf_cdnopuxX)
c:/program files/microchip/xc8/v2.35/avr/bin/../lib/gcc/avr/5.4.0/../../../../avr/lib/avr5/memx-const\libc.a(__fmt_s.o)
                              c:/program files/microchip/xc8/v2.35/avr/bin/../lib/gcc/avr/5.4.0/../../../../avr/lib/avr5/memx-const\libc.a(__sio_sprintf_doux.o) (__fmt_s_needed)
[...]
Memory Configuration

Name             Origin             Length             Attributes
text             0x0000000000000000 0x0000000000008000 xr
data             0x0000000000800060 0x0000000000000800 rw !x
eeprom           0x0000000000810000 0x0000000000000400 rw !x
fuse             0x0000000000820000 0x0000000000000002 rw !x
lock             0x0000000000830000 0x0000000000000400 rw !x
signature        0x0000000000840000 0x0000000000000400 rw !x
user_signatures  0x0000000000850000 0x0000000000000400 rw !x
*default*        0x0000000000000000 0xffffffffffffffff

Linker script and memory map

LOAD C:/Program Files/Microchip/MPLABX/v6.00/packs/Microchip/ATmega_DFP/2.4.131/xc8/avr/lib/avr5/memx-const/crtatmega32.o
                0x0000000000000001                __MPLAB_BUILD = 0x1
LOAD build/default/production/_ext/1917044881/main.o
LOAD build/default/production/_ext/1917044881/avr.o
LOAD build/default/production/_ext/1917044881/lcd.o
START GROUP
LOAD c:/program files/microchip/xc8/v2.35/avr/bin/../lib/gcc/avr/5.4.0/../../../../avr/lib/avr5/memx-const\libm.a
END GROUP
START GROUP
LOAD c:/program files/microchip/xc8/v2.35/avr/bin/../lib/gcc/avr/5.4.0/avr5/memx-const\libgcc.a
LOAD c:/program files/microchip/xc8/v2.35/avr/bin/../lib/gcc/avr/5.4.0/../../../../avr/lib/avr5/memx-const\libm.a
LOAD c:/program files/microchip/xc8/v2.35/avr/bin/../lib/gcc/avr/5.4.0/../../../../avr/lib/avr5/memx-const\libc.a
LOAD C:/Program Files/Microchip/MPLABX/v6.00/packs/Microchip/ATmega_DFP/2.4.131/xc8/avr/lib/avr5/memx-const\libatmega32.a
END GROUP
                0x0000000000000000                __TEXT_REGION_ORIGIN__ = DEFINED (__TEXT_REGION_ORIGIN__)?__TEXT_REGION_ORIGIN__:0x0
                [0x0000000000800060]                __DATA_REGION_ORIGIN__ = DEFINED (__DATA_REGION_ORIGIN__)?__DATA_REGION_ORIGIN__:0x800060
                [0x0000000000008000]                __TEXT_REGION_LENGTH__ = DEFINED (__TEXT_REGION_LENGTH__)?__TEXT_REGION_LENGTH__:0x20000
                [0x0000000000000800]                __DATA_REGION_LENGTH__ = DEFINED (__DATA_REGION_LENGTH__)?__DATA_REGION_LENGTH__:0xffa0
                [0x0000000000000400]                __EEPROM_REGION_LENGTH__ = DEFINED (__EEPROM_REGION_LENGTH__)?__EEPROM_REGION_LENGTH__:0x10000
                [0x0000000000000002]                __FUSE_REGION_LENGTH__ = DEFINED (__FUSE_REGION_LENGTH__)?__FUSE_REGION_LENGTH__:0x400
                0x0000000000000400                __LOCK_REGION_LENGTH__ = DEFINED (__LOCK_REGION_LENGTH__)?__LOCK_REGION_LENGTH__:0x400
                0x0000000000000400                __SIGNATURE_REGION_LENGTH__ = DEFINED (__SIGNATURE_REGION_LENGTH__)?__SIGNATURE_REGION_LENGTH__:0x400
                0x0000000000000400                __USER_SIGNATURE_REGION_LENGTH__ = DEFINED (__USER_SIGNATURE_REGION_LENGTH__)?__USER_SIGNATURE_REGION_LENGTH__:0x400

.hash
 *(.hash)

.dynsym
 *(.dynsym)

.dynstr
 *(.dynstr)

.gnu.version
 *(.gnu.version)

.gnu.version_d
 *(.gnu.version_d)

.gnu.version_r
 *(.gnu.version_r)

.rel.init
 *(.rel.init)

.rela.init
 *(.rela.init)

.rel.text
 *(.rel.text)
 *(.rel.text.*)
 *(.rel.gnu.linkonce.t*)

.rela.text
 *(.rela.text)
 *(.rela.text.*)
 *(.rela.gnu.linkonce.t*)

.rel.fini
 *(.rel.fini)

.rela.fini
 *(.rela.fini)

.rel.rodata
 *(.rel.rodata)
 *(.rel.rodata.*)
 *(.rel.gnu.linkonce.r*)

.rela.rodata
 *(.rela.rodata)
 *(.rela.rodata.*)
 *(.rela.gnu.linkonce.r*)

.rel.data
 *(.rel.data)
 *(.rel.data.*)
 *(.rel.gnu.linkonce.d*)

.rela.data
 *(.rela.data)
 *(.rela.data.*)
 *(.rela.gnu.linkonce.d*)

.rel.ctors
 *(.rel.ctors)

.rela.ctors
 *(.rela.ctors)

.rel.dtors
 *(.rel.dtors)

.rela.dtors
 *(.rela.dtors)

.rel.got
 *(.rel.got)

.rela.got
 *(.rela.got)

.rel.bss
 *(.rel.bss)

.rela.bss
 *(.rela.bss)

.rel.plt
 *(.rel.plt)

.rela.plt
 *(.rela.plt)

.text           0x0000000000000000       0xe6
 *(.vectors)
 .vectors       0x0000000000000000       0x54 C:/Program Files/Microchip/MPLABX/v6.00/packs/Microchip/ATmega_DFP/2.4.131/xc8/avr/lib/avr5/memx-const/crtatmega32.o
                0x0000000000000000                __vector_default
                0x0000000000000000                __vectors
 *(.vectors)
 *(.progmem.gcc*)
 .progmem.gcc_sw_table.days_in_month
                0x0000000000000054       0x18 build/default/production/_ext/1917044881/main.o
 .progmem.gcc_sw_table.key_character
                0x000000000000006c       0x20 build/default/production/_ext/1917044881/main.o
 *(.dinit)
 .dinit         0x000000000000008c        0x5 data_init
                0x0000000000000092                . = ALIGN (0x2)
 *fill*         0x0000000000000091        0x1 
                0x0000000000000092                __trampolines_start = .
 *(.trampolines)
 .trampolines   0x0000000000000092        0x0 linker stubs
 *(.trampolines*)
                0x0000000000000092                __trampolines_end = .
 *libprintf_flt.a:*(.progmem.data)
 *libc.a:*(.progmem.data)
                0x0000000000000092                . = ALIGN (0x2)
 *(.jumptables)
 *(.jumptables*)
 *(.lowtext)
 *(.lowtext*)
                0x0000000000000092                __ctors_start = .
 *(.ctors)
                0x0000000000000092                __ctors_end = .
                0x0000000000000092                __dtors_start = .
 *(.dtors)
                0x0000000000000092                __dtors_end = .
 SORT(*)(.ctors)
 SORT(*)(.dtors)
 *(.init0)
 .init0         0x0000000000000092        0x0 C:/Program Files/Microchip/MPLABX/v6.00/packs/Microchip/ATmega_DFP/2.4.131/xc8/avr/lib/avr5/memx-const/crtatmega32.o
                0x0000000000000092                __init
 *(.init0)
 *(.init1)
 *(.init1)
 *(.init2)
 .init2         0x0000000000000092        0xc C:/Program Files/Microchip/MPLABX/v6.00/packs/Microchip/ATmega_DFP/2.4.131/xc8/avr/lib/avr5/memx-const/crtatmega32.o
 *(.init2)
 *(.init3)
 *(.init3)
 *(.init4)
 .init4         0x000000000000009e       0x3c c:/program files/microchip/xc8/v2.35/avr/bin/../lib/gcc/avr/5.4.0/avr5/memx-const\libgcc.a(_copy_data.o)
                0x000000000000009e                __do_copy_data
                0x00000000000000cc                __do_clear_bss
 *(.init4)
 *(.init5)
 *(.init5)
 *(.init6)
 *(.init6)
 *(.init7)
 *(.init7)
 *(.init8)
 *(.init8)
 *(.init9)
 .init9         0x00000000000000da        0x8 C:/Program Files/Microchip/MPLABX/v6.00/packs/Microchip/ATmega_DFP/2.4.131/xc8/avr/lib/avr5/memx-const/crtatmega32.o
 *(.init9)
                0x00000000000000e2                . = ALIGN (0x2)
 *(.fini9)
 .fini9         0x00000000000000e2        0x0 c:/program files/microchip/xc8/v2.35/avr/bin/../lib/gcc/avr/5.4.0/avr5/memx-const\libgcc.a(_exit.o)
                0x00000000000000e2                _exit
 *(.fini9)
 *(.fini8)
 *(.fini8)
 *(.fini7)
 *(.fini7)
 *(.fini6)
 *(.fini6)
 *(.fini5)
 *(.fini5)
 *(.fini4)
 *(.fini4)
 *(.fini3)
 *(.fini3)
 *(.fini2)
 *(.fini2)
 *(.fini1)
 *(.fini1)
 *(.fini0)
 .fini0         0x00000000000000e2        0x4 c:/program files/microchip/xc8/v2.35/avr/bin/../lib/gcc/avr/5.4.0/avr5/memx-const\libgcc.a(_exit.o)
 *(.fini0)
                0x00000000000000e6                _etext = .

.data           0x0000000000800060        0x0 load address 0x00000000000000e6
                [!provide]                        PROVIDE (__data_start, .)
 *(.gnu.linkonce.d*)
 *(.gnu.linkonce.r*)
                0x0000000000800060                . = ALIGN (0x2)
                0x0000000000800060                _edata = .
                [!provide]                        PROVIDE (__data_end, .)

.bss            0x0000000000800060        0x2
                [!provide]                        PROVIDE (__bss_start, .)
 *(COMMON)
 COMMON         0x0000000000800060        0x2 c:/program files/microchip/xc8/v2.35/avr/bin/../lib/gcc/avr/5.4.0/../../../../avr/lib/avr5/memx-const\libc.a(errno.o)
                0x0000000000800060                __errno_val
                [!provide]                        PROVIDE (__bss_end, .)
                0x00000000000000e6                __data_load_start = LOADADDR (.data)
                0x00000000000000e6                __data_load_end = (__data_load_start + SIZEOF (.data))

.noinit         0x0000000000800062        0x0
                [!provide]                        PROVIDE (__noinit_start, .)
 *(.noinit*)
                [!provide]                        PROVIDE (__noinit_end, .)
                0x0000000000800062                _end = .

.eeprom         0x0000000000810000        0x0
 *(.eeprom*)
                0x0000000000810000                __eeprom_end = .

.fuse
 *(.fuse)
 *(.lfuse)
 *(.hfuse)
 *(.efuse)

.lock
 *(.lock*)

.signature
 *(.signature*)

.user_signatures
 *(.user_signatures*)

.stab
 *(.stab)

.stabstr
 *(.stabstr)

.stab.excl
 *(.stab.excl)

.stab.exclstr
 *(.stab.exclstr)

.stab.index
 *(.stab.index)

.stab.indexstr
 *(.stab.indexstr)

.comment        0x0000000000000000       0x2f
 *(.comment)
 .comment       0x0000000000000000       0x2f build/default/production/_ext/1917044881/main.o
                                         0x30 (size before relaxing)
 .comment       0x000000000000002f       0x30 build/default/production/_ext/1917044881/avr.o
 .comment       0x000000000000002f       0x30 build/default/production/_ext/1917044881/lcd.o
 .comment       0x000000000000002f       0x30 c:/program files/microchip/xc8/v2.35/avr/bin/../lib/gcc/avr/5.4.0/../../../../avr/lib/avr5/memx-const\libc.a(exit.o)
 .comment       0x000000000000002f       0x30 c:/program files/microchip/xc8/v2.35/avr/bin/../lib/gcc/avr/5.4.0/../../../../avr/lib/avr5/memx-const\libc.a(__sio_sprintf_doux.o)
 .comment       0x000000000000002f       0x30 c:/program files/microchip/xc8/v2.35/avr/bin/../lib/gcc/avr/5.4.0/../../../../avr/lib/avr5/memx-const\libc.a(__fmt_s.o)
 .comment       0x000000000000002f       0x30 c:/program files/microchip/xc8/v2.35/avr/bin/../lib/gcc/avr/5.4.0/../../../../avr/lib/avr5/memx-const\libc.a(__printf_core.o)
 .comment       0x000000000000002f       0x30 c:/program files/microchip/xc8/v2.35/avr/bin/../lib/gcc/avr/5.4.0/../../../../avr/lib/avr5/memx-const\libc.a(fputc.o)
 .comment       0x000000000000002f       0x30 c:/program files/microchip/xc8/v2.35/avr/bin/../lib/gcc/avr/5.4.0/../../../../avr/lib/avr5/memx-const\libc.a(__fmt_d.o)
 .comment       0x000000000000002f       0x30 c:/program files/microchip/xc8/v2.35/avr/bin/../lib/gcc/avr/5.4.0/../../../../avr/lib/avr5/memx-const\libc.a(__fmt_o.o)
 .comment       0x000000000000002f       0x30 c:/program files/microchip/xc8/v2.35/avr/bin/../lib/gcc/avr/5.4.0/../../../../avr/lib/avr5/memx-const\libc.a(__fmt_u.o)
 .comment       0x000000000000002f       0x30 c:/program files/microchip/xc8/v2.35/avr/bin/../lib/gcc/avr/5.4.0/../../../../avr/lib/avr5/memx-const\libc.a(__fmt_x.o)
 .comment       0x000000000000002f       0x30 c:/program files/microchip/xc8/v2.35/avr/bin/../lib/gcc/avr/5.4.0/../../../../avr/lib/avr5/memx-const\libc.a(__pop_float.o)
 .comment       0x000000000000002f       0x30 c:/program files/microchip/xc8/v2.35/avr/bin/../lib/gcc/avr/5.4.0/../../../../avr/lib/avr5/memx-const\libc.a(__pop_int.o)
 .comment       0x000000000000002f       0x30 c:/program files/microchip/xc8/v2.35/avr/bin/../lib/gcc/avr/5.4.0/../../../../avr/lib/avr5/memx-const\libc.a(__pop_ptr.o)
 .comment       0x000000000000002f       0x30 c:/program files/microchip/xc8/v2.35/avr/bin/../lib/gcc/avr/5.4.0/../../../../avr/lib/avr5/memx-const\libc.a(atoi.o)
 .comment       0x000000000000002f       0x30 c:/program files/microchip/xc8/v2.35/avr/bin/../lib/gcc/avr/5.4.0/../../../../avr/lib/avr5/memx-const\libc.a(memset.o)
 .comment       0x000000000000002f       0x30 c:/program files/microchip/xc8/v2.35/avr/bin/../lib/gcc/avr/5.4.0/../../../../avr/lib/avr5/memx-const\libc.a(strlen.o)
 .comment       0x000000000000002f       0x30 c:/program files/microchip/xc8/v2.35/avr/bin/../lib/gcc/avr/5.4.0/../../../../avr/lib/avr5/memx-const\libc.a(tolower.o)
 .comment       0x000000000000002f       0x30 c:/program files/microchip/xc8/v2.35/avr/bin/../lib/gcc/avr/5.4.0/../../../../avr/lib/avr5/memx-const\libc.a(toupper.o)
 .comment       0x000000000000002f       0x30 c:/program files/microchip/xc8/v2.35/avr/bin/../lib/gcc/avr/5.4.0/../../../../avr/lib/avr5/memx-const\libc.a(errno.o)
 .comment       0x000000000000002f       0x30 c:/program files/microchip/xc8/v2.35/avr/bin/../lib/gcc/avr/5.4.0/../../../../avr/lib/avr5/memx-const\libc.a(_Exit.o)
 .comment       0x000000000000002f       0x30 c:/program files/microchip/xc8/v2.35/avr/bin/../lib/gcc/avr/5.4.0/../../../../avr/lib/avr5/memx-const\libc.a(__int_vsprintf.o)
 .comment       0x000000000000002f       0x30 c:/program files/microchip/xc8/v2.35/avr/bin/../lib/gcc/avr/5.4.0/../../../../avr/lib/avr5/memx-const\libc.a(__int_vsnprintf.o)
 .comment       0x000000000000002f       0x30 c:/program files/microchip/xc8/v2.35/avr/bin/../lib/gcc/avr/5.4.0/../../../../avr/lib/avr5/memx-const\libc.a(__int_vfprintf.o)

.stack.descriptors.hdr
                0x0000000000000000      0x134
 .stack.descriptors.hdr
                0x0000000000000000        0xe c:/program files/microchip/xc8/v2.35/avr/bin/../lib/gcc/avr/5.4.0/../../../../avr/lib/avr5/memx-const\libm.a(addsf3.o)
 .stack.descriptors.hdr
                0x000000000000000e        0xe c:/program files/microchip/xc8/v2.35/avr/bin/../lib/gcc/avr/5.4.0/../../../../avr/lib/avr5/memx-const\libm.a(addsf3x.o)
 .stack.descriptors.hdr
                0x000000000000001c        0xe c:/program files/microchip/xc8/v2.35/avr/bin/../lib/gcc/avr/5.4.0/../../../../avr/lib/avr5/memx-const\libm.a(fixunssfsi.o)
 .stack.descriptors.hdr
                0x000000000000002a        0xe c:/program files/microchip/xc8/v2.35/avr/bin/../lib/gcc/avr/5.4.0/../../../../avr/lib/avr5/memx-const\libm.a(fp_inf.o)
 .stack.descriptors.hdr
                0x0000000000000038        0xe c:/program files/microchip/xc8/v2.35/avr/bin/../lib/gcc/avr/5.4.0/../../../../avr/lib/avr5/memx-const\libm.a(fp_nan.o)
 .stack.descriptors.hdr
                0x0000000000000046        0xe c:/program files/microchip/xc8/v2.35/avr/bin/../lib/gcc/avr/5.4.0/../../../../avr/lib/avr5/memx-const\libm.a(fp_pscA.o)
 .stack.descriptors.hdr
                0x0000000000000054        0xe c:/program files/microchip/xc8/v2.35/avr/bin/../lib/gcc/avr/5.4.0/../../../../avr/lib/avr5/memx-const\libm.a(fp_pscB.o)
 .stack.descriptors.hdr
                0x0000000000000062        0xe c:/program files/microchip/xc8/v2.35/avr/bin/../lib/gcc/avr/5.4.0/../../../../avr/lib/avr5/memx-const\libm.a(fp_round.o)
 .stack.descriptors.hdr
                0x0000000000000070        0xe c:/program files/microchip/xc8/v2.35/avr/bin/../lib/gcc/avr/5.4.0/../../../../avr/lib/avr5/memx-const\libm.a(fp_split3.o)
 .stack.descriptors.hdr
                0x000000000000007e        0xe c:/program files/microchip/xc8/v2.35/avr/bin/../lib/gcc/avr/5.4.0/../../../../avr/lib/avr5/memx-const\libm.a(fp_zero.o)
 .stack.descriptors.hdr
                0x000000000000008c        0xe c:/program files/microchip/xc8/v2.35/avr/bin/../lib/gcc/avr/5.4.0/../../../../avr/lib/avr5/memx-const\libm.a(mulsf3.o)
 .stack.descriptors.hdr
                0x000000000000009a        0xe c:/program files/microchip/xc8/v2.35/avr/bin/../lib/gcc/avr/5.4.0/../../../../avr/lib/avr5/memx-const\libm.a(mulsf3x.o)
 .stack.descriptors.hdr
                0x00000000000000a8        0xe c:/program files/microchip/xc8/v2.35/avr/bin/../lib/gcc/avr/5.4.0/avr5/memx-const\libgcc.a(_divmodhi4.o)
 .stack.descriptors.hdr
                0x00000000000000b6        0xe c:/program files/microchip/xc8/v2.35/avr/bin/../lib/gcc/avr/5.4.0/avr5/memx-const\libgcc.a(_tablejump2.o)
 .stack.descriptors.hdr
                0x00000000000000c4        0xe c:/program files/microchip/xc8/v2.35/avr/bin/../lib/gcc/avr/5.4.0/avr5/memx-const\libgcc.a(_movmemx.o)
 .stack.descriptors.hdr
                0x00000000000000d2        0xe c:/program files/microchip/xc8/v2.35/avr/bin/../lib/gcc/avr/5.4.0/avr5/memx-const\libgcc.a(_udivmodhi4.o)
 .stack.descriptors.hdr
                0x00000000000000e0        0xe c:/program files/microchip/xc8/v2.35/avr/bin/../lib/gcc/avr/5.4.0/avr5/memx-const\libgcc.a(_exit.o)
 .stack.descriptors.hdr
                0x00000000000000ee        0xe c:/program files/microchip/xc8/v2.35/avr/bin/../lib/gcc/avr/5.4.0/avr5/memx-const\libgcc.a(_udivdi3.o)
 .stack.descriptors.hdr
                0x00000000000000fc        0xe c:/program files/microchip/xc8/v2.35/avr/bin/../lib/gcc/avr/5.4.0/avr5/memx-const\libgcc.a(_udivmod64.o)
 .stack.descriptors.hdr
                0x000000000000010a        0xe c:/program files/microchip/xc8/v2.35/avr/bin/../lib/gcc/avr/5.4.0/avr5/memx-const\libgcc.a(_negdi2.o)
 .stack.descriptors.hdr
                0x0000000000000118        0xe c:/program files/microchip/xc8/v2.35/avr/bin/../lib/gcc/avr/5.4.0/avr5/memx-const\libgcc.a(_ashrdi3.o)
 .stack.descriptors.hdr
                0x0000000000000126        0xe c:/program files/microchip/xc8/v2.35/avr/bin/../lib/gcc/avr/5.4.0/avr5/memx-const\libgcc.a(_cmpdi2_s8.o)

.note.GNU-stack
                0x0000000000000000        0x0
 .note.GNU-stack
                0x0000000000000000        0x0 c:/program files/microchip/xc8/v2.35/avr/bin/../lib/gcc/avr/5.4.0/../../../../avr/lib/avr5/memx-const\libm.a(addsf3.o)
 .note.GNU-stack
                0x0000000000000000        0x0 c:/program files/microchip/xc8/v2.35/avr/bin/../lib/gcc/avr/5.4.0/../../../../avr/lib/avr5/memx-const\libm.a(addsf3x.o)
 .note.GNU-stack
                0x0000000000000000        0x0 c:/program files/microchip/xc8/v2.35/avr/bin/../lib/gcc/avr/5.4.0/../../../../avr/lib/avr5/memx-const\libm.a(fixunssfsi.o)
 .note.GNU-stack
                0x0000000000000000        0x0 c:/program files/microchip/xc8/v2.35/avr/bin/../lib/gcc/avr/5.4.0/../../../../avr/lib/avr5/memx-const\libm.a(fp_inf.o)
 .note.GNU-stack
                0x0000000000000000        0x0 c:/program files/microchip/xc8/v2.35/avr/bin/../lib/gcc/avr/5.4.0/../../../../avr/lib/avr5/memx-const\libm.a(fp_nan.o)
 .note.GNU-stack
                0x0000000000000000        0x0 c:/program files/microchip/xc8/v2.35/avr/bin/../lib/gcc/avr/5.4.0/../../../../avr/lib/avr5/memx-const\libm.a(fp_pscA.o)
 .note.GNU-stack
                0x0000000000000000        0x0 c:/program files/microchip/xc8/v2.35/avr/bin/../lib/gcc/avr/5.4.0/../../../../avr/lib/avr5/memx-const\libm.a(fp_pscB.o)
 .note.GNU-stack
                0x0000000000000000        0x0 c:/program files/microchip/xc8/v2.35/avr/bin/../lib/gcc/avr/5.4.0/../../../../avr/lib/avr5/memx-const\libm.a(fp_round.o)
 .note.GNU-stack
                0x0000000000000000        0x0 c:/program files/microchip/xc8/v2.35/avr/bin/../lib/gcc/avr/5.4.0/../../../../avr/lib/avr5/memx-const\libm.a(fp_split3.o)
 .note.GNU-stack
                0x0000000000000000        0x0 c:/program files/microchip/xc8/v2.35/avr/bin/../lib/gcc/avr/5.4.0/../../../../avr/lib/avr5/memx-const\libm.a(fp_zero.o)
 .note.GNU-stack
                0x0000000000000000        0x0 c:/program files/microchip/xc8/v2.35/avr/bin/../lib/gcc/avr/5.4.0/../../../../avr/lib/avr5/memx-const\libm.a(mulsf3.o)
 .note.GNU-stack
                0x0000000000000000        0x0 c:/program files/microchip/xc8/v2.35/avr/bin/../lib/gcc/avr/5.4.0/../../../../avr/lib/avr5/memx-const\libm.a(mulsf3x.o)
 .note.GNU-stack
                0x0000000000000000        0x0 c:/program files/microchip/xc8/v2.35/avr/bin/../lib/gcc/avr/5.4.0/../../../../avr/lib/avr5/memx-const\libc.a(exit.o)
 .note.GNU-stack
                0x0000000000000000        0x0 c:/program files/microchip/xc8/v2.35/avr/bin/../lib/gcc/avr/5.4.0/../../../../avr/lib/avr5/memx-const\libc.a(__sio_sprintf_doux.o)
 .note.GNU-stack
                0x0000000000000000        0x0 c:/program files/microchip/xc8/v2.35/avr/bin/../lib/gcc/avr/5.4.0/../../../../avr/lib/avr5/memx-const\libc.a(__fmt_s.o)
 .note.GNU-stack
                0x0000000000000000        0x0 c:/program files/microchip/xc8/v2.35/avr/bin/../lib/gcc/avr/5.4.0/../../../../avr/lib/avr5/memx-const\libc.a(__printf_core.o)
 .note.GNU-stack
                0x0000000000000000        0x0 c:/program files/microchip/xc8/v2.35/avr/bin/../lib/gcc/avr/5.4.0/../../../../avr/lib/avr5/memx-const\libc.a(fputc.o)
 .note.GNU-stack
                0x0000000000000000        0x0 c:/program files/microchip/xc8/v2.35/avr/bin/../lib/gcc/avr/5.4.0/../../../../avr/lib/avr5/memx-const\libc.a(__fmt_d.o)
 .note.GNU-stack
                0x0000000000000000        0x0 c:/program files/microchip/xc8/v2.35/avr/bin/../lib/gcc/avr/5.4.0/../../../../avr/lib/avr5/memx-const\libc.a(__fmt_o.o)
 .note.GNU-stack
                0x0000000000000000        0x0 c:/program files/microchip/xc8/v2.35/avr/bin/../lib/gcc/avr/5.4.0/../../../../avr/lib/avr5/memx-const\libc.a(__fmt_u.o)
 .note.GNU-stack
                0x0000000000000000        0x0 c:/program files/microchip/xc8/v2.35/avr/bin/../lib/gcc/avr/5.4.0/../../../../avr/lib/avr5/memx-const\libc.a(__fmt_x.o)
 .note.GNU-stack
                0x0000000000000000        0x0 c:/program files/microchip/xc8/v2.35/avr/bin/../lib/gcc/avr/5.4.0/../../../../avr/lib/avr5/memx-const\libc.a(__pop_float.o)
 .note.GNU-stack
                0x0000000000000000        0x0 c:/program files/microchip/xc8/v2.35/avr/bin/../lib/gcc/avr/5.4.0/../../../../avr/lib/avr5/memx-const\libc.a(__pop_int.o)
 .note.GNU-stack
                0x0000000000000000        0x0 c:/program files/microchip/xc8/v2.35/avr/bin/../lib/gcc/avr/5.4.0/../../../../avr/lib/avr5/memx-const\libc.a(__pop_ptr.o)
 .note.GNU-stack
                0x0000000000000000        0x0 c:/program files/microchip/xc8/v2.35/avr/bin/../lib/gcc/avr/5.4.0/../../../../avr/lib/avr5/memx-const\libc.a(atoi.o)
 .note.GNU-stack
                0x0000000000000000        0x0 c:/program files/microchip/xc8/v2.35/avr/bin/../lib/gcc/avr/5.4.0/../../../../avr/lib/avr5/memx-const\libc.a(memset.o)
 .note.GNU-stack
                0x0000000000000000        0x0 c:/program files/microchip/xc8/v2.35/avr/bin/../lib/gcc/avr/5.4.0/../../../../avr/lib/avr5/memx-const\libc.a(strlen.o)
 .note.GNU-stack
                0x0000000000000000        0x0 c:/program files/microchip/xc8/v2.35/avr/bin/../lib/gcc/avr/5.4.0/../../../../avr/lib/avr5/memx-const\libc.a(tolower.o)
 .note.GNU-stack
                0x0000000000000000        0x0 c:/program files/microchip/xc8/v2.35/avr/bin/../lib/gcc/avr/5.4.0/../../../../avr/lib/avr5/memx-const\libc.a(toupper.o)
 .note.GNU-stack
                0x0000000000000000        0x0 c:/program files/microchip/xc8/v2.35/avr/bin/../lib/gcc/avr/5.4.0/../../../../avr/lib/avr5/memx-const\libc.a(errno.o)
 .note.GNU-stack
                0x0000000000000000        0x0 c:/program files/microchip/xc8/v2.35/avr/bin/../lib/gcc/avr/5.4.0/../../../../avr/lib/avr5/memx-const\libc.a(_Exit.o)
 .note.GNU-stack
                0x0000000000000000        0x0 c:/program files/microchip/xc8/v2.35/avr/bin/../lib/gcc/avr/5.4.0/../../../../avr/lib/avr5/memx-const\libc.a(__int_vsprintf.o)
 .note.GNU-stack
                0x0000000000000000        0x0 c:/program files/microchip/xc8/v2.35/avr/bin/../lib/gcc/avr/5.4.0/../../../../avr/lib/avr5/memx-const\libc.a(__int_vsnprintf.o)
 .note.GNU-stack
                0x0000000000000000        0x0 c:/program files/microchip/xc8/v2.35/avr/bin/../lib/gcc/avr/5.4.0/../../../../avr/lib/avr5/memx-const\libc.a(__int_vfprintf.o)

.note.gnu.build-id
 *(.note.gnu.build-id)

.debug
 *(.debug)

.line
 *(.line)

.debug_srcinfo
 *(.debug_srcinfo)

.debug_sfnames
 *(.debug_sfnames)

.debug_aranges  0x0000000000000000      0x110
 *(.debug_aranges)
 .debug_aranges
                0x0000000000000000       0x90 build/default/production/_ext/1917044881/main.o
 .debug_aranges
                0x0000000000000090       0x28 build/default/production/_ext/1917044881/avr.o
 .debug_aranges
                0x00000000000000b8       0x58 build/default/production/_ext/1917044881/lcd.o

.debug_pubnames
 *(.debug_pubnames)

.debug_info     0x0000000000000000     0x1b59
 *(.debug_info .gnu.linkonce.wi.*)
 .debug_info    0x0000000000000000      0x4e6 C:/Program Files/Microchip/MPLABX/v6.00/packs/Microchip/ATmega_DFP/2.4.131/xc8/avr/lib/avr5/memx-const/crtatmega32.o
 .debug_info    0x00000000000004e6      0xd7d build/default/production/_ext/1917044881/main.o
 .debug_info    0x0000000000001263      0x28f build/default/production/_ext/1917044881/avr.o
 .debug_info    0x00000000000014f2      0x667 build/default/production/_ext/1917044881/lcd.o

.debug_abbrev   0x0000000000000000      0x926
 *(.debug_abbrev)
 .debug_abbrev  0x0000000000000000      0x4a3 C:/Program Files/Microchip/MPLABX/v6.00/packs/Microchip/ATmega_DFP/2.4.131/xc8/avr/lib/avr5/memx-const/crtatmega32.o
 .debug_abbrev  0x00000000000004a3      0x29f build/default/production/_ext/1917044881/main.o
 .debug_abbrev  0x0000000000000742       0x6f build/default/production/_ext/1917044881/avr.o
 .debug_abbrev  0x00000000000007b1      0x175 build/default/production/_ext/1917044881/lcd.o

.debug_line     0x0000000000000000      0xb64
 *(.debug_line .debug_line.* .debug_line_end)
 .debug_line    0x0000000000000000      0x119 C:/Program Files/Microchip/MPLABX/v6.00/packs/Microchip/ATmega_DFP/2.4.131/xc8/avr/lib/avr5/memx-const/crtatmega32.o
 .debug_line    0x0000000000000119      0x6ea build/default/production/_ext/1917044881/main.o
 .debug_line    0x0000000000000803       0xdf build/default/production/_ext/1917044881/avr.o
 .debug_line    0x00000000000008e2      0x282 build/default/production/_ext/1917044881/lcd.o

.debug_frame    0x0000000000000000      0x374
 *(.debug_frame)
 .debug_frame   0x0000000000000000      0x27c build/default/production/_ext/1917044881/main.o
 .debug_frame   0x000000000000027c       0x40 build/default/production/_ext/1917044881/avr.o
 .debug_frame   0x00000000000002bc       0xb8 build/default/production/_ext/1917044881/lcd.o

.debug_str      0x0000000000000000      0x1fa
 *(.debug_str)
 .debug_str     0x0000000000000000      0x196 C:/Program Files/Microchip/MPLABX/v6.00/packs/Microchip/ATmega_DFP/2.4.131/xc8/avr/lib/avr5/memx-const/crtatmega32.o
 .debug_str     0x0000000000000196       0x5b build/default/production/_ext/1917044881/main.o
 .debug_str     0x00000000000001f1        0x0 build/default/production/_ext/1917044881/avr.o
 .debug_str     0x00000000000001f1        0x9 build/default/production/_ext/1917044881/lcd.o

.debug_loc      0x0000000000000000      0x85e
 *(.debug_loc)
 .debug_loc     0x0000000000000000      0x5f9 build/default/production/_ext/1917044881/main.o
 .debug_loc     0x00000000000005f9       0x28 build/default/production/_ext/1917044881/avr.o
 .debug_loc     0x0000000000000621      0x23d build/default/production/_ext/1917044881/lcd.o

.debug_macinfo
 *(.debug_macinfo)

.debug_weaknames
 *(.debug_weaknames)

.debug_funcnames
 *(.debug_funcnames)

.debug_typenames
 *(.debug_typenames)

.debug_varnames
 *(.debug_varnames)

.debug_pubtypes
 *(.debug_pubtypes)

.debug_ranges   0x0000000000000000       0xf8
 *(.debug_ranges)
 .debug_ranges  0x0000000000000000       0x80 build/default/production/_ext/1917044881/main.o
 .debug_ranges  0x0000000000000080       0x18 build/default/production/_ext/1917044881/avr.o
 .debug_ranges  0x0000000000000098       0x60 build/default/production/_ext/1917044881/lcd.o

.debug_macro
 *(.debug_macro)
OUTPUT(dist/default/production/Project2Fin.X.production.elf elf32-avr)
LOAD linker stubs
LOAD data_init

.note.gnu.avr.deviceinfo
                0x0000000000000000       0x3c
 .note.gnu.avr.deviceinfo
                0x0000000000000000       0x3c C:/Program Files/Microchip/MPLABX/v6.00/packs/Microchip/ATmega_DFP/2.4.131/xc8/avr/lib/avr5/memx-const/crtatmega32.o

.progmemx.data  0x00000000000000e6       0xf9
 .progmemx.data
                0x00000000000000e6       0xf9 build/default/production/_ext/1917044881/main.o

.progmemx.data.state_table
                0x00000000000001df       0x16
 .progmemx.data.state_table
                0x00000000000001df       0x16 c:/program files/microchip/xc8/v2.35/avr/bin/../lib/gcc/avr/5.4.0/../../../../avr/lib/avr5/memx-const\libc.a(__printf_core.o)

.progmemx.data  0x00000000000001f5        0x7
 .progmemx.data
                0x00000000000001f5        0x7 c:/program files/microchip/xc8/v2.35/avr/bin/../lib/gcc/avr/5.4.0/../../../../avr/lib/avr5/memx-const\libc.a(__fmt_s.o)

.progmemx.data  0x00000000000001fc        0x6
 .progmemx.data
                0x00000000000001fc        0x6 c:/program files/microchip/xc8/v2.35/avr/bin/../lib/gcc/avr/5.4.0/../../../../avr/lib/avr5/memx-const\libc.a(__printf_core.o)

.text.__printf_core
                0x0000000000000202      0x822
 .text.__printf_core
                0x0000000000000202      0x822 c:/program files/microchip/xc8/v2.35/avr/bin/../lib/gcc/avr/5.4.0/../../../../avr/lib/avr5/memx-const\libc.a(__printf_core.o)
                0x0000000000000202                __printf_core

.text.set_date  0x0000000000000a24      0x2a2
 .text.set_date
                0x0000000000000a24      0x2a2 build/default/production/_ext/1917044881/main.o
                0x0000000000000a24                set_date

.text.set_time  0x0000000000000cc6      0x2a0
 .text.set_time
                0x0000000000000cc6      0x2a0 build/default/production/_ext/1917044881/main.o
                0x0000000000000cc6                set_time

.text.__fmt_x   0x0000000000000f66      0x280
 .text.__fmt_x  0x0000000000000f66      0x280 c:/program files/microchip/xc8/v2.35/avr/bin/../lib/gcc/avr/5.4.0/../../../../avr/lib/avr5/memx-const\libc.a(__fmt_x.o)
                0x0000000000000f66                __fmt_x_needed
                0x0000000000000f66                __fmt_x

.text.__fmt_d   0x00000000000011e6      0x17e
 .text.__fmt_d  0x00000000000011e6      0x17e c:/program files/microchip/xc8/v2.35/avr/bin/../lib/gcc/avr/5.4.0/../../../../avr/lib/avr5/memx-const\libc.a(__fmt_d.o)
                0x00000000000011e6                __fmt_d
                0x00000000000011e6                __fmt_d_needed

.text.increment_clock
                0x0000000000001364      0x174
 .text.increment_clock
                0x0000000000001364      0x174 build/default/production/_ext/1917044881/main.o
                0x0000000000001364                increment_clock

.text.__pop_int
                0x00000000000014d8      0x172
 .text.__pop_int
                0x00000000000014d8      0x172 c:/program files/microchip/xc8/v2.35/avr/bin/../lib/gcc/avr/5.4.0/../../../../avr/lib/avr5/memx-const\libc.a(__pop_int.o)
                0x00000000000014d8                __pop_int_needed
                0x00000000000014d8                __pop_int

.text.__cvt_u   0x000000000000164a      0x14a
 .text.__cvt_u  0x000000000000164a      0x14a c:/program files/microchip/xc8/v2.35/avr/bin/../lib/gcc/avr/5.4.0/../../../../avr/lib/avr5/memx-const\libc.a(__fmt_u.o)
                0x000000000000164a                __cvt_u

.text.format_time
                0x0000000000001794      0x11c
 .text.format_time
                0x0000000000001794      0x11c build/default/production/_ext/1917044881/main.o
                0x0000000000001794                format_time

.text.__pad     0x00000000000018b0      0x10e
 .text.__pad    0x00000000000018b0      0x10e c:/program files/microchip/xc8/v2.35/avr/bin/../lib/gcc/avr/5.4.0/../../../../avr/lib/avr5/memx-const\libc.a(__printf_core.o)
                0x00000000000018b0                __pad

.text.__pop_ptr
                0x00000000000019be       0xd8
 .text.__pop_ptr
                0x00000000000019be       0xd8 c:/program files/microchip/xc8/v2.35/avr/bin/../lib/gcc/avr/5.4.0/../../../../avr/lib/avr5/memx-const\libc.a(__pop_ptr.o)
                0x00000000000019be                __pop_ptr
                0x00000000000019be                __pop_ptr_needed

.text           0x0000000000001a96       0xd4
 .text          0x0000000000001a96       0xd4 c:/program files/microchip/xc8/v2.35/avr/bin/../lib/gcc/avr/5.4.0/../../../../avr/lib/avr5/memx-const\libm.a(mulsf3x.o)
                0x0000000000001a96                __mulsf3x
                0x0000000000001abc                __mulsf3_pse

.text.__fmt_o   0x0000000000001b6a       0xd4
 .text.__fmt_o  0x0000000000001b6a       0xd4 c:/program files/microchip/xc8/v2.35/avr/bin/../lib/gcc/avr/5.4.0/../../../../avr/lib/avr5/memx-const\libc.a(__fmt_o.o)
                0x0000000000001b6a                __fmt_o
                0x0000000000001b6a                __fmt_o_needed

.text           0x0000000000001c3e       0xce
 .text          0x0000000000001c3e       0xce c:/program files/microchip/xc8/v2.35/avr/bin/../lib/gcc/avr/5.4.0/../../../../avr/lib/avr5/memx-const\libm.a(addsf3x.o)
                0x0000000000001c3e                __addsf3x

.text.__fmt_s   0x0000000000001d0c       0xca
 .text.__fmt_s  0x0000000000001d0c       0xca c:/program files/microchip/xc8/v2.35/avr/bin/../lib/gcc/avr/5.4.0/../../../../avr/lib/avr5/memx-const\libc.a(__fmt_s.o)
                0x0000000000001d0c                __fmt_s
                0x0000000000001d0c                __fmt_0_needed
                0x0000000000001d0c                __fmt_s_needed

.text.__fmt_u   0x0000000000001dd6       0xb0
 .text.__fmt_u  0x0000000000001dd6       0xb0 c:/program files/microchip/xc8/v2.35/avr/bin/../lib/gcc/avr/5.4.0/../../../../avr/lib/avr5/memx-const\libc.a(__fmt_u.o)
                0x0000000000001dd6                __fmt_u_needed
                0x0000000000001dd6                __fmt_u

.text.__vsnprintf
                0x0000000000001e86       0xa4
 .text.__vsnprintf
                0x0000000000001e86       0xa4 c:/program files/microchip/xc8/v2.35/avr/bin/../lib/gcc/avr/5.4.0/../../../../avr/lib/avr5/memx-const\libc.a(__int_vsnprintf.o)
                0x0000000000001e86                __vsnprintf

.text.libgcc.div
                0x0000000000001f2a       0xa2
 .text.libgcc.div
                0x0000000000001f2a       0xa2 c:/program files/microchip/xc8/v2.35/avr/bin/../lib/gcc/avr/5.4.0/avr5/memx-const\libgcc.a(_udivmod64.o)
                0x0000000000001f2a                __udivmod64

.text.__fmt_state
                0x0000000000001fcc       0x9e
 .text.__fmt_state
                0x0000000000001fcc       0x9e c:/program files/microchip/xc8/v2.35/avr/bin/../lib/gcc/avr/5.4.0/../../../../avr/lib/avr5/memx-const\libc.a(__printf_core.o)
                0x0000000000001fcc                __fmt_state

.text.fputc     0x000000000000206a       0x92
 .text.fputc    0x000000000000206a       0x92 c:/program files/microchip/xc8/v2.35/avr/bin/../lib/gcc/avr/5.4.0/../../../../avr/lib/avr5/memx-const\libc.a(fputc.o)
                0x000000000000206a                fputc
                0x000000000000206a                putc

.text.msg       0x00000000000020fc       0x90
 .text.msg      0x00000000000020fc       0x90 build/default/production/_ext/1917044881/main.o
                0x00000000000020fc                msg

.text.atoi      0x000000000000218c       0x90
 .text.atoi     0x000000000000218c       0x90 c:/program files/microchip/xc8/v2.35/avr/bin/../lib/gcc/avr/5.4.0/../../../../avr/lib/avr5/memx-const\libc.a(atoi.o)
                0x000000000000218c                atoi

.text.is_pressed
                0x000000000000221c       0x88
 .text.is_pressed
                0x000000000000221c       0x88 build/default/production/_ext/1917044881/main.o
                0x000000000000221c                is_pressed

.text.key_character
                0x00000000000022a4       0x78
 .text.key_character
                0x00000000000022a4       0x78 build/default/production/_ext/1917044881/main.o
                0x00000000000022a4                key_character

.text.__out     0x000000000000231c       0x68
 .text.__out    0x000000000000231c       0x68 c:/program files/microchip/xc8/v2.35/avr/bin/../lib/gcc/avr/5.4.0/../../../../avr/lib/avr5/memx-const\libc.a(__printf_core.o)
                0x000000000000231c                __out

.text.main      0x0000000000002384       0x64
 .text.main     0x0000000000002384       0x64 build/default/production/_ext/1917044881/main.o
                0x0000000000002384                main

.text.user_input
                0x00000000000023e8       0x62
 .text.user_input
                0x00000000000023e8       0x62 build/default/production/_ext/1917044881/main.o
                0x00000000000023e8                user_input

.text           0x000000000000244a       0x5e
 .text          0x000000000000244a       0x5e c:/program files/microchip/xc8/v2.35/avr/bin/../lib/gcc/avr/5.4.0/../../../../avr/lib/avr5/memx-const\libm.a(fixunssfsi.o)
                0x000000000000244a                __fixunssfsi

.text.avr_wait  0x00000000000024a8       0x50
 .text.avr_wait
                0x00000000000024a8       0x50 build/default/production/_ext/1917044881/avr.o
                0x00000000000024a8                avr_wait

.text.lcd_init  0x00000000000024f8       0x50
 .text.lcd_init
                0x00000000000024f8       0x50 build/default/production/_ext/1917044881/lcd.o
                0x00000000000024f8                lcd_init

.text.get_key   0x0000000000002548       0x4e
 .text.get_key  0x0000000000002548       0x4e build/default/production/_ext/1917044881/main.o
                0x0000000000002548                get_key

.text.lcd_puts2
                0x0000000000002596       0x4c
 .text.lcd_puts2
                0x0000000000002596       0x4c build/default/production/_ext/1917044881/lcd.o
                0x0000000000002596                lcd_puts2

.text           0x00000000000025e2       0x44
 .text          0x00000000000025e2       0x44 c:/program files/microchip/xc8/v2.35/avr/bin/../lib/gcc/avr/5.4.0/../../../../avr/lib/avr5/memx-const\libm.a(fp_split3.o)
                0x00000000000025e2                __fp_split3
                0x00000000000025f2                __fp_splitA

.text.__pop_float
                0x0000000000002626       0x40
 .text.__pop_float
                0x0000000000002626       0x40 c:/program files/microchip/xc8/v2.35/avr/bin/../lib/gcc/avr/5.4.0/../../../../avr/lib/avr5/memx-const\libc.a(__pop_float.o)
                0x0000000000002626                __pop_float_needed
                0x0000000000002626                __pop_float

.text.libgcc.builtins
                0x0000000000002666       0x3c
 .text.libgcc.builtins
                0x0000000000002666       0x3c c:/program files/microchip/xc8/v2.35/avr/bin/../lib/gcc/avr/5.4.0/avr5/memx-const\libgcc.a(_ashrdi3.o)
                0x0000000000002666                __ashrdi3
                0x000000000000266a                __lshrdi3

.text.days_in_month
                0x00000000000026a2       0x3a
 .text.days_in_month
                0x00000000000026a2       0x3a build/default/production/_ext/1917044881/main.o
                0x00000000000026a2                days_in_month

.text.clock_settings_display
                0x00000000000026dc       0x3a
 .text.clock_settings_display
                0x00000000000026dc       0x3a build/default/production/_ext/1917044881/main.o
                0x00000000000026dc                clock_settings_display

.text.libgcc.prologue
                0x0000000000002716       0x38
 .text.libgcc.prologue
                0x0000000000002716       0x38 c:/program files/microchip/xc8/v2.35/avr/bin/../lib/gcc/avr/5.4.0/avr5/memx-const\libgcc.a(_prologue.o)
                0x0000000000002716                __prologue_saves__

.text.is_leap_year
                0x000000000000274e       0x36
 .text.is_leap_year
                0x000000000000274e       0x36 build/default/production/_ext/1917044881/main.o
                0x000000000000274e                is_leap_year

.text.libgcc.prologue
                0x0000000000002784       0x36
 .text.libgcc.prologue
                0x0000000000002784       0x36 c:/program files/microchip/xc8/v2.35/avr/bin/../lib/gcc/avr/5.4.0/avr5/memx-const\libgcc.a(_epilogue.o)
                0x0000000000002784                __epilogue_restores__

.text.__vfprintf
                0x00000000000027ba       0x30
 .text.__vfprintf
                0x00000000000027ba       0x30 c:/program files/microchip/xc8/v2.35/avr/bin/../lib/gcc/avr/5.4.0/../../../../avr/lib/avr5/memx-const\libc.a(__int_vfprintf.o)
                0x00000000000027ba                __vfprintf

.text.strlen    0x00000000000027ea       0x2c
 .text.strlen   0x00000000000027ea       0x2c c:/program files/microchip/xc8/v2.35/avr/bin/../lib/gcc/avr/5.4.0/../../../../avr/lib/avr5/memx-const\libc.a(strlen.o)
                0x00000000000027ea                strlen

.text.lcd_pos   0x0000000000002816       0x28
 .text.lcd_pos  0x0000000000002816       0x28 build/default/production/_ext/1917044881/lcd.o
                0x0000000000002816                lcd_pos

.text.libgcc.div
                0x000000000000283e       0x28
 .text.libgcc.div
                0x000000000000283e       0x28 c:/program files/microchip/xc8/v2.35/avr/bin/../lib/gcc/avr/5.4.0/avr5/memx-const\libgcc.a(_divmodhi4.o)
                0x000000000000283e                _div
                0x000000000000283e                __divmodhi4

.text.libgcc.div
                0x0000000000002866       0x28
 .text.libgcc.div
                0x0000000000002866       0x28 c:/program files/microchip/xc8/v2.35/avr/bin/../lib/gcc/avr/5.4.0/avr5/memx-const\libgcc.a(_udivmodhi4.o)
                0x0000000000002866                __udivmodhi4

.text.__wrap_sprintf
                0x000000000000288e       0x26
 .text.__wrap_sprintf
                0x000000000000288e       0x26 c:/program files/microchip/xc8/v2.35/avr/bin/../lib/gcc/avr/5.4.0/../../../../avr/lib/avr5/memx-const\libc.a(__sio_sprintf_doux.o)
                0x000000000000288e                _sprintf_cdnopuxX

.text           0x00000000000028b4       0x22
 .text          0x00000000000028b4       0x22 c:/program files/microchip/xc8/v2.35/avr/bin/../lib/gcc/avr/5.4.0/../../../../avr/lib/avr5/memx-const\libm.a(fp_round.o)
                0x00000000000028b4                __fp_round

.text.write     0x00000000000028d6       0x20
 .text.write    0x00000000000028d6       0x20 build/default/production/_ext/1917044881/lcd.o

.text.libgcc    0x00000000000028f6       0x20
 .text.libgcc   0x00000000000028f6       0x20 c:/program files/microchip/xc8/v2.35/avr/bin/../lib/gcc/avr/5.4.0/avr5/memx-const\libgcc.a(_negdi2.o)
                0x00000000000028f6                __negdi2

.text.output    0x0000000000002916       0x1e
 .text.output   0x0000000000002916       0x1e build/default/production/_ext/1917044881/lcd.o

.text.libgcc.div
                0x0000000000002934       0x1c
 .text.libgcc.div
                0x0000000000002934       0x1c c:/program files/microchip/xc8/v2.35/avr/bin/../lib/gcc/avr/5.4.0/avr5/memx-const\libgcc.a(_udivdi3.o)
                0x0000000000002934                __umoddi3
                0x0000000000002938                __udivdi3
                0x000000000000293a                __udivdi3_umoddi3

.text.libgcc    0x0000000000002950       0x1a
 .text.libgcc   0x0000000000002950       0x1a c:/program files/microchip/xc8/v2.35/avr/bin/../lib/gcc/avr/5.4.0/avr5/memx-const\libgcc.a(_movmemx.o)
                0x0000000000002950                __movmemx_qi
                0x0000000000002952                __movmemx_hi

.text.__vsprintf
                0x000000000000296a       0x18
 .text.__vsprintf
                0x000000000000296a       0x18 c:/program files/microchip/xc8/v2.35/avr/bin/../lib/gcc/avr/5.4.0/../../../../avr/lib/avr5/memx-const\libc.a(__int_vsprintf.o)
                0x000000000000296a                __vsprintf

.text.libgcc    0x0000000000002982       0x18
 .text.libgcc   0x0000000000002982       0x18 c:/program files/microchip/xc8/v2.35/avr/bin/../lib/gcc/avr/5.4.0/avr5/memx-const\libgcc.a(_cmpdi2_s8.o)
                0x0000000000002982                __cmpdi2_s8

.text.exit      0x000000000000299a       0x16
 .text.exit     0x000000000000299a       0x16 c:/program files/microchip/xc8/v2.35/avr/bin/../lib/gcc/avr/5.4.0/../../../../avr/lib/avr5/memx-const\libc.a(exit.o)
                0x000000000000299a                exit

.text.memset    0x00000000000029b0       0x12
 .text.memset   0x00000000000029b0       0x12 c:/program files/microchip/xc8/v2.35/avr/bin/../lib/gcc/avr/5.4.0/../../../../avr/lib/avr5/memx-const\libc.a(memset.o)
                0x00000000000029b0                memset

.text.toupper   0x00000000000029c2       0x12
 .text.toupper  0x00000000000029c2       0x12 c:/program files/microchip/xc8/v2.35/avr/bin/../lib/gcc/avr/5.4.0/../../../../avr/lib/avr5/memx-const\libc.a(toupper.o)
                0x00000000000029c2                toupper

.text.tolower   0x00000000000029d4       0x10
 .text.tolower  0x00000000000029d4       0x10 c:/program files/microchip/xc8/v2.35/avr/bin/../lib/gcc/avr/5.4.0/../../../../avr/lib/avr5/memx-const\libc.a(tolower.o)
                0x00000000000029d4                tolower

.text           0x00000000000029e4        0xe
 .text          0x00000000000029e4        0xe c:/program files/microchip/xc8/v2.35/avr/bin/../lib/gcc/avr/5.4.0/../../../../avr/lib/avr5/memx-const\libm.a(addsf3.o)
                0x00000000000029e4                __subsf3
                0x00000000000029e6                __addsf3

.text           0x00000000000029f2        0xe
 .text          0x00000000000029f2        0xe c:/program files/microchip/xc8/v2.35/avr/bin/../lib/gcc/avr/5.4.0/../../../../avr/lib/avr5/memx-const\libm.a(fp_pscA.o)
                0x00000000000029f2                __fp_pscA

.text           0x0000000000002a00        0xe
 .text          0x0000000000002a00        0xe c:/program files/microchip/xc8/v2.35/avr/bin/../lib/gcc/avr/5.4.0/../../../../avr/lib/avr5/memx-const\libm.a(fp_pscB.o)
                0x0000000000002a00                __fp_pscB

.text           0x0000000000002a0e        0xe
 .text          0x0000000000002a0e        0xe c:/program files/microchip/xc8/v2.35/avr/bin/../lib/gcc/avr/5.4.0/../../../../avr/lib/avr5/memx-const\libm.a(fp_zero.o)
                0x0000000000002a0e                __fp_zero
                0x0000000000002a10                __fp_szero

.text           0x0000000000002a1c        0xc
 .text          0x0000000000002a1c        0xc c:/program files/microchip/xc8/v2.35/avr/bin/../lib/gcc/avr/5.4.0/../../../../avr/lib/avr5/memx-const\libm.a(fp_inf.o)
                0x0000000000002a1c                __fp_inf

.text.libgcc    0x0000000000002a28        0xc
 .text.libgcc   0x0000000000002a28        0xc c:/program files/microchip/xc8/v2.35/avr/bin/../lib/gcc/avr/5.4.0/avr5/memx-const\libgcc.a(_tablejump2.o)
                0x0000000000002a28                __tablejump2__

.text.lcd_clr   0x0000000000002a34        0xa
 .text.lcd_clr  0x0000000000002a34        0xa build/default/production/_ext/1917044881/lcd.o
                0x0000000000002a34                lcd_clr

.text           0x0000000000002a3e        0x8
 .text          0x0000000000002a3e        0x8 c:/program files/microchip/xc8/v2.35/avr/bin/../lib/gcc/avr/5.4.0/../../../../avr/lib/avr5/memx-const\libm.a(mulsf3.o)
                0x0000000000002a3e                __mulsf3

.text           0x0000000000002a46        0x6
 .text          0x0000000000002a46        0x6 c:/program files/microchip/xc8/v2.35/avr/bin/../lib/gcc/avr/5.4.0/../../../../avr/lib/avr5/memx-const\libm.a(fp_nan.o)
                0x0000000000002a46                __fp_nan

.text.__dummy_fmt4
                0x0000000000002a4c        0x6
 .text.__dummy_fmt4
                0x0000000000002a4c        0x6 c:/program files/microchip/xc8/v2.35/avr/bin/../lib/gcc/avr/5.4.0/../../../../avr/lib/avr5/memx-const\libc.a(__printf_core.o)
                0x0000000000002a4c                __fmt_fp
                0x0000000000002a4c                __fmt_a

.text           0x0000000000002a52        0x4
 .text          0x0000000000002a52        0x4 C:/Program Files/Microchip/MPLABX/v6.00/packs/Microchip/ATmega_DFP/2.4.131/xc8/avr/lib/avr5/memx-const/crtatmega32.o
                0x0000000000002a52                __vector_1
                0x0000000000002a52                __vector_12
                0x0000000000002a52                __bad_interrupt
                0x0000000000002a52                __vector_6
                0x0000000000002a52                __vector_3
                0x0000000000002a52                __vector_11
                0x0000000000002a52                __vector_13
                0x0000000000002a52                __vector_17
                0x0000000000002a52                __vector_19
                0x0000000000002a52                __vector_7
                0x0000000000002a52                __vector_5
                0x0000000000002a52                __vector_4
                0x0000000000002a52                __vector_9
                0x0000000000002a52                __vector_2
                0x0000000000002a52                __vector_15
                0x0000000000002a52                __vector_8
                0x0000000000002a52                __vector_14
                0x0000000000002a52                __vector_10
                0x0000000000002a52                __vector_16
                0x0000000000002a52                __vector_18
                0x0000000000002a52                __vector_20

.text._Exit     0x0000000000002a56        0x4
 .text._Exit    0x0000000000002a56        0x4 c:/program files/microchip/xc8/v2.35/avr/bin/../lib/gcc/avr/5.4.0/../../../../avr/lib/avr5/memx-const\libc.a(_Exit.o)
                0x0000000000002a56                _Exit

.text.__dummy_fini
                0x0000000000002a5a        0x2
 .text.__dummy_fini
                0x0000000000002a5a        0x2 c:/program files/microchip/xc8/v2.35/avr/bin/../lib/gcc/avr/5.4.0/../../../../avr/lib/avr5/memx-const\libc.a(exit.o)
                0x0000000000002a5a                _fini

.text.__dummy_funcs_on_exit
                0x0000000000002a5c        0x2
 .text.__dummy_funcs_on_exit
                0x0000000000002a5c        0x2 c:/program files/microchip/xc8/v2.35/avr/bin/../lib/gcc/avr/5.4.0/../../../../avr/lib/avr5/memx-const\libc.a(exit.o)
                0x0000000000002a5c                __funcs_on_exit

.text.__dummy_simulator_exit
                0x0000000000002a5e        0x2
 .text.__dummy_simulator_exit
                0x0000000000002a5e        0x2 c:/program files/microchip/xc8/v2.35/avr/bin/../lib/gcc/avr/5.4.0/../../../../avr/lib/avr5/memx-const\libc.a(exit.o)
                0x0000000000002a5e                __simulator_exit
